// Jest Snapshot v1, https://goo.gl/fbAQLP

exports[`Pruebas en <HeroScreen /> debe mostrar el componente correcctamente redirect si no hay argumentos en el url 1`] = `""`;
