// Jest Snapshot v1, https://goo.gl/fbAQLP

exports[`Prueas en el componente <AppRouter /> debe mostrar el login si no esta autenticado  1`] = `
<div>
  <div>
    <div>
      <div>
        <div
          className="container mt-5"
        >
          <h1>
            Login Screen
          </h1>
          <hr />
          <button
            className="btn btn-primary"
            onClick={[Function]}
          >
            Login
          </button>
        </div>
      </div>
    </div>
  </div>
</div>
`;
